taskF_results:   0%|          | 0/96 [00:00<?, ?it/s]taskF_results:   1%|          | 1/96 [00:10<17:18, 10.93s/it]taskF_results:   2%|▏         | 2/96 [00:21<17:05, 10.91s/it]taskF_results:   3%|▎         | 3/96 [00:32<16:54, 10.91s/it]taskF_results:   4%|▍         | 4/96 [00:43<16:36, 10.84s/it]taskF_results:   5%|▌         | 5/96 [00:51<15:24, 10.16s/it]taskF_results:   6%|▋         | 6/96 [01:00<14:31,  9.68s/it]taskF_results:   7%|▋         | 7/96 [01:11<14:45,  9.95s/it]taskF_results:   8%|▊         | 8/96 [01:21<14:49, 10.10s/it]taskF_results:   9%|▉         | 9/96 [01:32<14:53, 10.27s/it]taskF_results:  10%|█         | 10/96 [01:43<14:57, 10.44s/it]taskF_results:  11%|█▏        | 11/96 [01:53<14:51, 10.49s/it]taskF_results:  12%|█▎        | 12/96 [02:04<15:01, 10.74s/it]taskF_results:  14%|█▎        | 13/96 [02:16<15:03, 10.88s/it]taskF_results:  15%|█▍        | 14/96 [02:26<14:46, 10.81s/it]taskF_results:  16%|█▌        | 15/96 [02:37<14:28, 10.72s/it]taskF_results:  17%|█▋        | 16/96 [02:48<14:21, 10.77s/it]taskF_results:  18%|█▊        | 17/96 [02:59<14:19, 10.88s/it]taskF_results:  19%|█▉        | 18/96 [03:10<14:10, 10.91s/it]taskF_results:  20%|█▉        | 19/96 [03:21<14:08, 11.02s/it]taskF_results:  21%|██        | 20/96 [03:28<12:23,  9.78s/it]taskF_results:  22%|██▏       | 21/96 [03:35<11:10,  8.95s/it]taskF_results:  23%|██▎       | 22/96 [03:42<10:18,  8.35s/it]taskF_results:  24%|██▍       | 23/96 [03:49<09:40,  7.95s/it]taskF_results:  25%|██▌       | 24/96 [03:56<09:09,  7.63s/it]taskF_results:  26%|██▌       | 25/96 [04:03<08:59,  7.60s/it]taskF_results:  27%|██▋       | 26/96 [04:11<08:42,  7.47s/it]taskF_results:  28%|██▊       | 27/96 [04:17<08:23,  7.30s/it]taskF_results:  29%|██▉       | 28/96 [04:25<08:10,  7.22s/it]taskF_results:  30%|███       | 29/96 [04:32<07:59,  7.16s/it]taskF_results:  31%|███▏      | 30/96 [04:39<07:49,  7.11s/it]taskF_results:  32%|███▏      | 31/96 [04:46<07:46,  7.18s/it]taskF_results:  33%|███▎      | 32/96 [04:53<07:43,  7.24s/it]taskF_results:  34%|███▍      | 33/96 [05:00<07:32,  7.19s/it]taskF_results:  35%|███▌      | 34/96 [05:07<07:19,  7.09s/it]taskF_results:  36%|███▋      | 35/96 [05:14<07:10,  7.06s/it]taskF_results:  38%|███▊      | 36/96 [05:21<07:02,  7.04s/it]taskF_results:  39%|███▊      | 37/96 [05:28<06:51,  6.98s/it]taskF_results:  40%|███▉      | 38/96 [05:35<06:43,  6.96s/it]taskF_results:  41%|████      | 39/96 [05:42<06:35,  6.93s/it]taskF_results:  42%|████▏     | 40/96 [05:49<06:27,  6.92s/it]taskF_results:  43%|████▎     | 41/96 [05:56<06:19,  6.90s/it]taskF_results:  44%|████▍     | 42/96 [06:02<06:13,  6.91s/it]taskF_results:  45%|████▍     | 43/96 [06:09<06:06,  6.92s/it]taskF_results:  46%|████▌     | 44/96 [06:16<05:58,  6.90s/it]taskF_results:  47%|████▋     | 45/96 [06:24<06:01,  7.10s/it]taskF_results:  48%|████▊     | 46/96 [06:31<05:54,  7.09s/it]taskF_results:  49%|████▉     | 47/96 [06:38<05:44,  7.04s/it]taskF_results:  50%|█████     | 48/96 [06:45<05:39,  7.08s/it]taskF_results:  51%|█████     | 49/96 [06:52<05:35,  7.15s/it]taskF_results:  52%|█████▏    | 50/96 [06:59<05:26,  7.10s/it]taskF_results:  53%|█████▎    | 51/96 [07:06<05:16,  7.02s/it]taskF_results:  54%|█████▍    | 52/96 [07:13<05:10,  7.06s/it]taskF_results:  55%|█████▌    | 53/96 [07:20<05:00,  6.98s/it]taskF_results:  56%|█████▋    | 54/96 [07:27<04:52,  6.95s/it]taskF_results:  57%|█████▋    | 55/96 [07:34<04:44,  6.94s/it]taskF_results:  58%|█████▊    | 56/96 [07:41<04:36,  6.92s/it]taskF_results:  59%|█████▉    | 57/96 [07:48<04:29,  6.92s/it]taskF_results:  60%|██████    | 58/96 [07:55<04:23,  6.93s/it]taskF_results:  61%|██████▏   | 59/96 [08:01<04:16,  6.93s/it]taskF_results:  62%|██████▎   | 60/96 [08:08<04:08,  6.91s/it]taskF_results:  64%|██████▎   | 61/96 [08:15<04:01,  6.91s/it]taskF_results:  65%|██████▍   | 62/96 [08:22<03:55,  6.92s/it]taskF_results:  66%|██████▌   | 63/96 [08:29<03:48,  6.94s/it]taskF_results:  67%|██████▋   | 64/96 [08:36<03:41,  6.93s/it]taskF_results:  68%|██████▊   | 65/96 [08:43<03:34,  6.92s/it]taskF_results:  69%|██████▉   | 66/96 [08:50<03:27,  6.93s/it]taskF_results:  70%|██████▉   | 67/96 [08:57<03:20,  6.92s/it]taskF_results:  71%|███████   | 68/96 [09:04<03:15,  6.97s/it]taskF_results:  72%|███████▏  | 69/96 [09:11<03:07,  6.96s/it]taskF_results:  73%|███████▎  | 70/96 [09:18<02:59,  6.89s/it]taskF_results:  74%|███████▍  | 71/96 [09:25<02:52,  6.90s/it]taskF_results:  75%|███████▌  | 72/96 [09:32<02:48,  7.01s/it]taskF_results:  76%|███████▌  | 73/96 [09:39<02:40,  6.97s/it]taskF_results:  77%|███████▋  | 74/96 [09:45<02:32,  6.93s/it]taskF_results:  78%|███████▊  | 75/96 [09:53<02:26,  6.96s/it]taskF_results:  79%|███████▉  | 76/96 [09:59<02:18,  6.94s/it]taskF_results:  80%|████████  | 77/96 [10:06<02:10,  6.89s/it]taskF_results:  81%|████████▏ | 78/96 [10:13<02:04,  6.90s/it]taskF_results:  82%|████████▏ | 79/96 [10:20<01:57,  6.90s/it]taskF_results:  83%|████████▎ | 80/96 [10:27<01:49,  6.86s/it]taskF_results:  84%|████████▍ | 81/96 [10:34<01:42,  6.86s/it]taskF_results:  85%|████████▌ | 82/96 [10:41<01:36,  6.87s/it]taskF_results:  86%|████████▋ | 83/96 [10:47<01:28,  6.84s/it]taskF_results:  88%|████████▊ | 84/96 [10:54<01:22,  6.89s/it]taskF_results:  89%|████████▊ | 85/96 [11:02<01:19,  7.18s/it]taskF_results:  90%|████████▉ | 86/96 [11:09<01:11,  7.12s/it]taskF_results:  91%|█████████ | 87/96 [11:16<01:03,  7.03s/it]taskF_results:  92%|█████████▏| 88/96 [11:23<00:56,  7.03s/it]taskF_results:  93%|█████████▎| 89/96 [11:30<00:49,  7.01s/it]taskF_results:  94%|█████████▍| 90/96 [11:37<00:41,  6.99s/it]taskF_results:  95%|█████████▍| 91/96 [11:44<00:34,  6.94s/it]taskF_results:  96%|█████████▌| 92/96 [11:51<00:27,  6.95s/it]taskF_results:  97%|█████████▋| 93/96 [11:58<00:20,  6.94s/it]taskF_results:  98%|█████████▊| 94/96 [12:05<00:13,  6.99s/it]taskF_results:  99%|█████████▉| 95/96 [12:12<00:07,  7.04s/it]taskF_results: 100%|██████████| 96/96 [12:19<00:00,  7.04s/it]taskF_results: 100%|██████████| 96/96 [12:19<00:00,  7.70s/it]
mu_results:   0%|          | 0/96 [00:00<?, ?it/s]mu_results: 100%|██████████| 96/96 [00:00<00:00, 9844.58it/s]
xi_results:   0%|          | 0/96 [00:00<?, ?it/s]xi_results:   1%|          | 1/96 [00:00<00:14,  6.78it/s]xi_results:   2%|▏         | 2/96 [00:00<00:13,  6.78it/s]xi_results:   3%|▎         | 3/96 [00:00<00:13,  6.79it/s]xi_results:   4%|▍         | 4/96 [00:00<00:13,  6.79it/s]xi_results:   5%|▌         | 5/96 [00:00<00:13,  6.80it/s]xi_results:   6%|▋         | 6/96 [00:00<00:13,  6.81it/s]xi_results:   7%|▋         | 7/96 [00:01<00:13,  6.82it/s]xi_results:   8%|▊         | 8/96 [00:01<00:12,  6.82it/s]xi_results:   9%|▉         | 9/96 [00:01<00:12,  6.82it/s]xi_results:  10%|█         | 10/96 [00:01<00:12,  6.83it/s]xi_results:  11%|█▏        | 11/96 [00:01<00:12,  6.83it/s]xi_results:  12%|█▎        | 12/96 [00:01<00:12,  6.83it/s]xi_results:  14%|█▎        | 13/96 [00:01<00:12,  6.83it/s]xi_results:  15%|█▍        | 14/96 [00:02<00:11,  6.84it/s]xi_results:  16%|█▌        | 15/96 [00:02<00:11,  6.84it/s]xi_results:  17%|█▋        | 16/96 [00:02<00:11,  6.84it/s]xi_results:  18%|█▊        | 17/96 [00:02<00:11,  6.84it/s]xi_results:  19%|█▉        | 18/96 [00:02<00:11,  6.84it/s]xi_results:  20%|█▉        | 19/96 [00:02<00:11,  6.84it/s]xi_results:  22%|██▏       | 21/96 [00:02<00:09,  7.80it/s]xi_results:  24%|██▍       | 23/96 [00:03<00:08,  8.66it/s]xi_results:  26%|██▌       | 25/96 [00:03<00:07,  9.38it/s]xi_results:  28%|██▊       | 27/96 [00:03<00:06,  9.94it/s]xi_results:  30%|███       | 29/96 [00:03<00:06, 10.33it/s]xi_results:  32%|███▏      | 31/96 [00:03<00:06, 10.69it/s]xi_results:  34%|███▍      | 33/96 [00:03<00:05, 10.96it/s]xi_results:  36%|███▋      | 35/96 [00:04<00:05, 11.16it/s]xi_results:  39%|███▊      | 37/96 [00:04<00:05, 11.30it/s]xi_results:  41%|████      | 39/96 [00:04<00:04, 11.41it/s]xi_results:  43%|████▎     | 41/96 [00:04<00:04, 11.49it/s]xi_results:  45%|████▍     | 43/96 [00:04<00:04, 11.54it/s]xi_results:  47%|████▋     | 45/96 [00:05<00:04, 11.58it/s]xi_results:  49%|████▉     | 47/96 [00:05<00:04, 11.61it/s]xi_results:  51%|█████     | 49/96 [00:05<00:04, 11.62it/s]xi_results:  53%|█████▎    | 51/96 [00:05<00:03, 11.64it/s]xi_results:  55%|█████▌    | 53/96 [00:05<00:03, 11.72it/s]xi_results:  57%|█████▋    | 55/96 [00:05<00:03, 11.70it/s]xi_results:  59%|█████▉    | 57/96 [00:06<00:03, 11.68it/s]xi_results:  61%|██████▏   | 59/96 [00:06<00:03, 11.66it/s]xi_results:  64%|██████▎   | 61/96 [00:06<00:03, 11.65it/s]xi_results:  66%|██████▌   | 63/96 [00:06<00:02, 11.58it/s]xi_results:  68%|██████▊   | 65/96 [00:06<00:02, 11.60it/s]xi_results:  70%|██████▉   | 67/96 [00:06<00:02, 11.60it/s]xi_results:  72%|███████▏  | 69/96 [00:07<00:02, 11.59it/s]xi_results:  74%|███████▍  | 71/96 [00:07<00:02, 11.60it/s]xi_results:  76%|███████▌  | 73/96 [00:07<00:01, 11.61it/s]xi_results:  78%|███████▊  | 75/96 [00:07<00:01, 11.63it/s]xi_results:  80%|████████  | 77/96 [00:07<00:01, 11.62it/s]xi_results:  82%|████████▏ | 79/96 [00:07<00:01, 11.64it/s]xi_results:  84%|████████▍ | 81/96 [00:08<00:01, 11.63it/s]xi_results:  86%|████████▋ | 83/96 [00:08<00:01, 11.62it/s]xi_results:  89%|████████▊ | 85/96 [00:08<00:00, 11.61it/s]xi_results:  91%|█████████ | 87/96 [00:08<00:00, 11.61it/s]xi_results:  93%|█████████▎| 89/96 [00:08<00:00, 11.60it/s]xi_results:  95%|█████████▍| 91/96 [00:08<00:00, 11.61it/s]xi_results:  97%|█████████▋| 93/96 [00:09<00:00, 11.51it/s]xi_results:  99%|█████████▉| 95/96 [00:09<00:00, 11.51it/s]xi_results: 100%|██████████| 96/96 [00:09<00:00, 10.13it/s]
phi_results:   0%|          | 0/96 [00:00<?, ?it/s]phi_results:   0%|          | 0/96 [00:00<?, ?it/s]
Traceback (most recent call last):
  File "/project/RDS-FEI-FTP-RW/FerryILP/ILPimplementation/functions.py", line 290, in cal_phi
    return list(range(max(1, t - mu_j + 1), t + 1))
TypeError: 'numpy.float64' object cannot be interpreted as an integer

During handling of the above exception, another exception occurred:

Traceback (most recent call last):
  File "ILPimplementation/main.py", line 61, in <module>
    results = manage_results(config, generate_new_files, file_prefix)
  File "/project/RDS-FEI-FTP-RW/FerryILP/ILPimplementation/functions.py", line 478, in manage_results
    calculate_and_save_results(config, file_prefix)
  File "/project/RDS-FEI-FTP-RW/FerryILP/ILPimplementation/functions.py", line 434, in calculate_and_save_results
    phi_results[(j, t)] = cal_phi(config, j, t)
  File "/project/RDS-FEI-FTP-RW/FerryILP/ILPimplementation/functions.py", line 292, in cal_phi
    raise ValueError(f"An error occurred calculating φ(j, t): {str(e)}")
ValueError: An error occurred calculating φ(j, t): 'numpy.float64' object cannot be interpreted as an integer
